// Jest Snapshot v1, https://goo.gl/fbAQLP

exports[`STabs renders content in slot 1`] = `
<div class="s-tabs">
  <h1>Test</h1>
  <div class="s-tabs__border">
    <!---->
  </div>
</div>
`;
