// Jest Snapshot v1, https://goo.gl/fbAQLP

exports[`STab renders slot content 1`] = `<a class="s-tab__link"><span tabindex="-1" class="s-tab__wrapper"><span class="s-tab__title">Tab 1</span></span></a>`;
