// Jest Snapshot v1, https://goo.gl/fbAQLP

exports[`UiSelect renders select box 1`] = `
<span class="ui-menu"><span><button class="ui-btn" style="text-align: left; min-width: 150px;"><span tabindex="-1" class="inline-flex ui-btn__content ui-btn__content--secondary"> <span class="flex-grow">
    Choose country
    </span> <span>â¯†</span></span></button></span>
<!----></span>
`;
